[     153ms] [INFO] %cDownload the React DevTools for a better development experience: https://reactjs.org/link/react-devtools font-weight:bold @ http://localhost:6017/assets/iframe-DJiCJ8a-.js:1326
[     341ms] [LOG] %cDocumentation: %chttps://mswjs.io/docs font-weight:bold font-weight:normal @ http://localhost:6017/assets/iframe-DJiCJ8a-.js:1427
[     341ms] [LOG] Found an issue? https://github.com/mswjs/msw/issues @ http://localhost:6017/assets/iframe-DJiCJ8a-.js:1427
[     341ms] [LOG] Worker script URL: http://localhost:6017/mockServiceWorker.js @ http://localhost:6017/assets/iframe-DJiCJ8a-.js:1427
[     341ms] [LOG] Worker scope: http://localhost:6017/ @ http://localhost:6017/assets/iframe-DJiCJ8a-.js:1427
[     341ms] [LOG] Client ID: %s (%s) 2907dd02-506f-48e4-a7b3-db7e8f3ed708 top-level @ http://localhost:6017/assets/iframe-DJiCJ8a-.js:1427
[  173891ms] [LOG] %cDocumentation: %chttps://mswjs.io/docs font-weight:bold font-weight:normal @ http://localhost:6017/assets/iframe-DJiCJ8a-.js:1427
[  173891ms] [LOG] Found an issue? https://github.com/mswjs/msw/issues @ http://localhost:6017/assets/iframe-DJiCJ8a-.js:1427
[  173891ms] [LOG] Worker script URL: http://localhost:6017/mockServiceWorker.js @ http://localhost:6017/assets/iframe-DJiCJ8a-.js:1427
[  173891ms] [LOG] Worker scope: http://localhost:6017/ @ http://localhost:6017/assets/iframe-DJiCJ8a-.js:1427
[  173891ms] [LOG] Client ID: %s (%s) 010e7e41-a1cd-488d-96dc-186e49ace202 nested @ http://localhost:6017/assets/iframe-DJiCJ8a-.js:1427
[  174615ms] [LOG] %cDocumentation: %chttps://mswjs.io/docs font-weight:bold font-weight:normal @ http://localhost:6017/assets/iframe-DJiCJ8a-.js:1427
[  174615ms] [LOG] Found an issue? https://github.com/mswjs/msw/issues @ http://localhost:6017/assets/iframe-DJiCJ8a-.js:1427
[  174615ms] [LOG] Worker script URL: http://localhost:6017/mockServiceWorker.js @ http://localhost:6017/assets/iframe-DJiCJ8a-.js:1427
[  174615ms] [LOG] Worker scope: http://localhost:6017/ @ http://localhost:6017/assets/iframe-DJiCJ8a-.js:1427
[  174615ms] [LOG] Client ID: %s (%s) 54b7a24f-35e9-4f55-a8f1-9ecfb53a6fb7 nested @ http://localhost:6017/assets/iframe-DJiCJ8a-.js:1427
[  175305ms] [LOG] %cDocumentation: %chttps://mswjs.io/docs font-weight:bold font-weight:normal @ http://localhost:6017/assets/iframe-DJiCJ8a-.js:1427
[  175305ms] [LOG] Found an issue? https://github.com/mswjs/msw/issues @ http://localhost:6017/assets/iframe-DJiCJ8a-.js:1427
[  175305ms] [LOG] Worker script URL: http://localhost:6017/mockServiceWorker.js @ http://localhost:6017/assets/iframe-DJiCJ8a-.js:1427
[  175305ms] [LOG] Worker scope: http://localhost:6017/ @ http://localhost:6017/assets/iframe-DJiCJ8a-.js:1427
[  175305ms] [LOG] Client ID: %s (%s) a16ab6b2-0e27-4f4f-8479-527fa0fddf97 nested @ http://localhost:6017/assets/iframe-DJiCJ8a-.js:1427
[  175985ms] [LOG] %cDocumentation: %chttps://mswjs.io/docs font-weight:bold font-weight:normal @ http://localhost:6017/assets/iframe-DJiCJ8a-.js:1427
[  175985ms] [LOG] Found an issue? https://github.com/mswjs/msw/issues @ http://localhost:6017/assets/iframe-DJiCJ8a-.js:1427
[  175985ms] [LOG] Worker script URL: http://localhost:6017/mockServiceWorker.js @ http://localhost:6017/assets/iframe-DJiCJ8a-.js:1427
[  175985ms] [LOG] Worker scope: http://localhost:6017/ @ http://localhost:6017/assets/iframe-DJiCJ8a-.js:1427
[  175985ms] [LOG] Client ID: %s (%s) 0a435b38-a883-4ac6-a9c4-0697f86b923a nested @ http://localhost:6017/assets/iframe-DJiCJ8a-.js:1427
[  176665ms] [LOG] %cDocumentation: %chttps://mswjs.io/docs font-weight:bold font-weight:normal @ http://localhost:6017/assets/iframe-DJiCJ8a-.js:1427
[  176665ms] [LOG] Found an issue? https://github.com/mswjs/msw/issues @ http://localhost:6017/assets/iframe-DJiCJ8a-.js:1427
[  176665ms] [LOG] Worker script URL: http://localhost:6017/mockServiceWorker.js @ http://localhost:6017/assets/iframe-DJiCJ8a-.js:1427
[  176665ms] [LOG] Worker scope: http://localhost:6017/ @ http://localhost:6017/assets/iframe-DJiCJ8a-.js:1427
[  176665ms] [LOG] Client ID: %s (%s) 4b311862-7f0a-48f1-bf5b-9e4182dd18c3 nested @ http://localhost:6017/assets/iframe-DJiCJ8a-.js:1427
[  177346ms] [LOG] %cDocumentation: %chttps://mswjs.io/docs font-weight:bold font-weight:normal @ http://localhost:6017/assets/iframe-DJiCJ8a-.js:1427
[  177346ms] [LOG] Found an issue? https://github.com/mswjs/msw/issues @ http://localhost:6017/assets/iframe-DJiCJ8a-.js:1427
[  177346ms] [LOG] Worker script URL: http://localhost:6017/mockServiceWorker.js @ http://localhost:6017/assets/iframe-DJiCJ8a-.js:1427
[  177346ms] [LOG] Worker scope: http://localhost:6017/ @ http://localhost:6017/assets/iframe-DJiCJ8a-.js:1427
[  177346ms] [LOG] Client ID: %s (%s) c5fe4ea8-1d41-4167-94dd-240c2e0ec6b1 nested @ http://localhost:6017/assets/iframe-DJiCJ8a-.js:1427
[  178048ms] [LOG] %cDocumentation: %chttps://mswjs.io/docs font-weight:bold font-weight:normal @ http://localhost:6017/assets/iframe-DJiCJ8a-.js:1427
[  178048ms] [LOG] Found an issue? https://github.com/mswjs/msw/issues @ http://localhost:6017/assets/iframe-DJiCJ8a-.js:1427
[  178048ms] [LOG] Worker script URL: http://localhost:6017/mockServiceWorker.js @ http://localhost:6017/assets/iframe-DJiCJ8a-.js:1427
[  178048ms] [LOG] Worker scope: http://localhost:6017/ @ http://localhost:6017/assets/iframe-DJiCJ8a-.js:1427
[  178048ms] [LOG] Client ID: %s (%s) 45aa5776-30c1-418a-820a-9dc02d4e6075 nested @ http://localhost:6017/assets/iframe-DJiCJ8a-.js:1427
[  178754ms] [LOG] %cDocumentation: %chttps://mswjs.io/docs font-weight:bold font-weight:normal @ http://localhost:6017/assets/iframe-DJiCJ8a-.js:1427
[  178754ms] [LOG] Found an issue? https://github.com/mswjs/msw/issues @ http://localhost:6017/assets/iframe-DJiCJ8a-.js:1427
[  178754ms] [LOG] Worker script URL: http://localhost:6017/mockServiceWorker.js @ http://localhost:6017/assets/iframe-DJiCJ8a-.js:1427
[  178754ms] [LOG] Worker scope: http://localhost:6017/ @ http://localhost:6017/assets/iframe-DJiCJ8a-.js:1427
[  178754ms] [LOG] Client ID: %s (%s) 85d116e0-750b-4c5b-91c2-1f98b52aef5e nested @ http://localhost:6017/assets/iframe-DJiCJ8a-.js:1427
[  179456ms] [LOG] %cDocumentation: %chttps://mswjs.io/docs font-weight:bold font-weight:normal @ http://localhost:6017/assets/iframe-DJiCJ8a-.js:1427
[  179456ms] [LOG] Found an issue? https://github.com/mswjs/msw/issues @ http://localhost:6017/assets/iframe-DJiCJ8a-.js:1427
[  179456ms] [LOG] Worker script URL: http://localhost:6017/mockServiceWorker.js @ http://localhost:6017/assets/iframe-DJiCJ8a-.js:1427
[  179456ms] [LOG] Worker scope: http://localhost:6017/ @ http://localhost:6017/assets/iframe-DJiCJ8a-.js:1427
[  179456ms] [LOG] Client ID: %s (%s) 100d38a8-51f1-4344-8750-87d9f4427b84 nested @ http://localhost:6017/assets/iframe-DJiCJ8a-.js:1427
[  180159ms] [LOG] %cDocumentation: %chttps://mswjs.io/docs font-weight:bold font-weight:normal @ http://localhost:6017/assets/iframe-DJiCJ8a-.js:1427
[  180159ms] [LOG] Found an issue? https://github.com/mswjs/msw/issues @ http://localhost:6017/assets/iframe-DJiCJ8a-.js:1427
[  180159ms] [LOG] Worker script URL: http://localhost:6017/mockServiceWorker.js @ http://localhost:6017/assets/iframe-DJiCJ8a-.js:1427
[  180159ms] [LOG] Worker scope: http://localhost:6017/ @ http://localhost:6017/assets/iframe-DJiCJ8a-.js:1427
[  180159ms] [LOG] Client ID: %s (%s) 5019a121-417e-4d9d-9f3e-4119f23b6b45 nested @ http://localhost:6017/assets/iframe-DJiCJ8a-.js:1427
[  180863ms] [LOG] %cDocumentation: %chttps://mswjs.io/docs font-weight:bold font-weight:normal @ http://localhost:6017/assets/iframe-DJiCJ8a-.js:1427
[  180863ms] [LOG] Found an issue? https://github.com/mswjs/msw/issues @ http://localhost:6017/assets/iframe-DJiCJ8a-.js:1427
[  180863ms] [LOG] Worker script URL: http://localhost:6017/mockServiceWorker.js @ http://localhost:6017/assets/iframe-DJiCJ8a-.js:1427
[  180863ms] [LOG] Worker scope: http://localhost:6017/ @ http://localhost:6017/assets/iframe-DJiCJ8a-.js:1427
[  180863ms] [LOG] Client ID: %s (%s) 27d4716a-45d4-4b20-8aa4-2d0387f357ad nested @ http://localhost:6017/assets/iframe-DJiCJ8a-.js:1427
[  181543ms] [LOG] %cDocumentation: %chttps://mswjs.io/docs font-weight:bold font-weight:normal @ http://localhost:6017/assets/iframe-DJiCJ8a-.js:1427
[  181543ms] [LOG] Found an issue? https://github.com/mswjs/msw/issues @ http://localhost:6017/assets/iframe-DJiCJ8a-.js:1427
[  181543ms] [LOG] Worker script URL: http://localhost:6017/mockServiceWorker.js @ http://localhost:6017/assets/iframe-DJiCJ8a-.js:1427
[  181543ms] [LOG] Worker scope: http://localhost:6017/ @ http://localhost:6017/assets/iframe-DJiCJ8a-.js:1427
[  181543ms] [LOG] Client ID: %s (%s) c5d3f6ed-3bf7-4f74-b683-2fca0a3bb2c4 nested @ http://localhost:6017/assets/iframe-DJiCJ8a-.js:1427
[  182249ms] [LOG] %cDocumentation: %chttps://mswjs.io/docs font-weight:bold font-weight:normal @ http://localhost:6017/assets/iframe-DJiCJ8a-.js:1427
[  182249ms] [LOG] Found an issue? https://github.com/mswjs/msw/issues @ http://localhost:6017/assets/iframe-DJiCJ8a-.js:1427
[  182249ms] [LOG] Worker script URL: http://localhost:6017/mockServiceWorker.js @ http://localhost:6017/assets/iframe-DJiCJ8a-.js:1427
[  182249ms] [LOG] Worker scope: http://localhost:6017/ @ http://localhost:6017/assets/iframe-DJiCJ8a-.js:1427
[  182249ms] [LOG] Client ID: %s (%s) 4a0a8da1-bc97-4915-9fc8-9c445012d876 nested @ http://localhost:6017/assets/iframe-DJiCJ8a-.js:1427
[  182933ms] [LOG] %cDocumentation: %chttps://mswjs.io/docs font-weight:bold font-weight:normal @ http://localhost:6017/assets/iframe-DJiCJ8a-.js:1427
[  182933ms] [LOG] Found an issue? https://github.com/mswjs/msw/issues @ http://localhost:6017/assets/iframe-DJiCJ8a-.js:1427
[  182933ms] [LOG] Worker script URL: http://localhost:6017/mockServiceWorker.js @ http://localhost:6017/assets/iframe-DJiCJ8a-.js:1427
[  182933ms] [LOG] Worker scope: http://localhost:6017/ @ http://localhost:6017/assets/iframe-DJiCJ8a-.js:1427
[  182933ms] [LOG] Client ID: %s (%s) 5e7f84a5-5b26-496c-b531-e4e8cea3a1c6 nested @ http://localhost:6017/assets/iframe-DJiCJ8a-.js:1427
[  183617ms] [LOG] %cDocumentation: %chttps://mswjs.io/docs font-weight:bold font-weight:normal @ http://localhost:6017/assets/iframe-DJiCJ8a-.js:1427
[  183617ms] [LOG] Found an issue? https://github.com/mswjs/msw/issues @ http://localhost:6017/assets/iframe-DJiCJ8a-.js:1427
[  183617ms] [LOG] Worker script URL: http://localhost:6017/mockServiceWorker.js @ http://localhost:6017/assets/iframe-DJiCJ8a-.js:1427
[  183617ms] [LOG] Worker scope: http://localhost:6017/ @ http://localhost:6017/assets/iframe-DJiCJ8a-.js:1427
[  183617ms] [LOG] Client ID: %s (%s) 08df7e17-bc2a-4fbf-842e-23febbd2e86f nested @ http://localhost:6017/assets/iframe-DJiCJ8a-.js:1427
